=== distill student from ../results/teacher_push-v3_h10 for 1500 steps ===
Loading  HuggingFaceTB/SmolVLM2-500M-Video-Instruct weights ...
`torch_dtype` is deprecated! Use `dtype` instead!
Reducing the number of VLM layers to 16 ...
Loading weights from local directory
trainable params: 99.9M / 450.0M (22.2%)
loaded 42 shards (skipped 8 failed) -> 1344 windows; img (1344, 3, 480, 480), act (1344, 50, 4)
step     0  loss=0.6915  (1755ms/step)
step    50  loss=0.0281  (299ms/step)
step   100  loss=0.0340  (289ms/step)
step   150  loss=0.0385  (286ms/step)
step   200  loss=0.0152  (323ms/step)
step   250  loss=0.0181  (342ms/step)
step   300  loss=0.0206  (356ms/step)
step   350  loss=0.0324  (367ms/step)
step   400  loss=0.0361  (396ms/step)
step   450  loss=0.0067  (431ms/step)
step   500  loss=0.0085  (463ms/step)
step   550  loss=0.0065  (490ms/step)
step   600  loss=0.0256  (512ms/step)
step   650  loss=0.0120  (530ms/step)
step   700  loss=0.0099  (545ms/step)
step   750  loss=0.0088  (560ms/step)
step   800  loss=0.0079  (572ms/step)
step   850  loss=0.0130  (583ms/step)
step   900  loss=0.0066  (592ms/step)
step   950  loss=0.0112  (599ms/step)
step  1000  loss=0.0092  (598ms/step)
step  1050  loss=0.0108  (601ms/step)
step  1100  loss=0.0062  (602ms/step)
step  1150  loss=0.0052  (601ms/step)
step  1200  loss=0.0123  (601ms/step)
step  1250  loss=0.0123  (600ms/step)
step  1300  loss=0.0206  (601ms/step)
step  1350  loss=0.0058  (600ms/step)
step  1400  loss=0.0103  (599ms/step)
step  1450  loss=0.0105  (600ms/step)
saved student -> ../results/student_push-v3  (902s)
