=== distill student from ../results/teacher_plate-slide-v3_h10 for 1500 steps ===
Loading  HuggingFaceTB/SmolVLM2-500M-Video-Instruct weights ...
`torch_dtype` is deprecated! Use `dtype` instead!
Reducing the number of VLM layers to 16 ...
Loading weights from local directory
trainable params: 99.9M / 450.0M (22.2%)
loaded 50 shards (skipped 0 failed) -> 1483 windows; img (1483, 3, 480, 480), act (1483, 50, 4)
step     0  loss=0.7303  (1722ms/step)
step    50  loss=0.0483  (465ms/step)
step   100  loss=0.0227  (443ms/step)
step   150  loss=0.0149  (434ms/step)
step   200  loss=0.0113  (436ms/step)
step   250  loss=0.0102  (469ms/step)
step   300  loss=0.0093  (510ms/step)
step   350  loss=0.0098  (545ms/step)
step   400  loss=0.0233  (566ms/step)
step   450  loss=0.0077  (586ms/step)
step   500  loss=0.0105  (604ms/step)
step   550  loss=0.0107  (619ms/step)
step   600  loss=0.0073  (631ms/step)
step   650  loss=0.0074  (641ms/step)
step   700  loss=0.0060  (649ms/step)
step   750  loss=0.0073  (655ms/step)
step   800  loss=0.0229  (659ms/step)
step   850  loss=0.0172  (656ms/step)
step   900  loss=0.0131  (652ms/step)
step   950  loss=0.0078  (650ms/step)
step  1000  loss=0.0105  (647ms/step)
step  1050  loss=0.0071  (648ms/step)
step  1100  loss=0.0085  (644ms/step)
step  1150  loss=0.0086  (642ms/step)
step  1200  loss=0.0069  (640ms/step)
step  1250  loss=0.0117  (638ms/step)
step  1300  loss=0.0152  (637ms/step)
step  1350  loss=0.0134  (635ms/step)
step  1400  loss=0.0462  (629ms/step)
step  1450  loss=0.0145  (623ms/step)
saved student -> ../results/student_plate-slide-v3  (929s)
