=== finetune plate-slide-v3 ('Slide a plate into a cabinet') mode=vanilla eps=1550..1599 steps=1500 ===
Loading  HuggingFaceTB/SmolVLM2-500M-Video-Instruct weights ...
`torch_dtype` is deprecated! Use `dtype` instead!
Reducing the number of VLM layers to 16 ...
Loading weights from local directory
trainable params: 99.9M / 450.0M (22.2%)
dataset frames: 2555, episodes: 50
step     0  loss=0.6796  (2883ms/step)
step    50  loss=0.0279  (652ms/step)
step   100  loss=0.0176  (671ms/step)
step   150  loss=0.0326  (696ms/step)
step   200  loss=0.0106  (705ms/step)
step   250  loss=0.0217  (712ms/step)
step   300  loss=0.0122  (717ms/step)
step   350  loss=0.0057  (721ms/step)
step   400  loss=0.0150  (724ms/step)
step   450  loss=0.0078  (727ms/step)
step   500  loss=0.0122  (728ms/step)
step   550  loss=0.0082  (729ms/step)
step   600  loss=0.0083  (729ms/step)
step   650  loss=0.0132  (720ms/step)
step   700  loss=0.0099  (711ms/step)
step   750  loss=0.0050  (703ms/step)
step   800  loss=0.0074  (697ms/step)
step   850  loss=0.0251  (690ms/step)
step   900  loss=0.0143  (684ms/step)
step   950  loss=0.0225  (679ms/step)
step  1000  loss=0.0050  (676ms/step)
step  1050  loss=0.0039  (673ms/step)
step  1100  loss=0.0038  (669ms/step)
step  1150  loss=0.0120  (667ms/step)
step  1200  loss=0.0072  (660ms/step)
step  1250  loss=0.0067  (652ms/step)
step  1300  loss=0.0030  (645ms/step)
step  1350  loss=0.0044  (635ms/step)
step  1400  loss=0.0063  (626ms/step)
step  1450  loss=0.0051  (618ms/step)
saved -> ../results/vanilla_plate-slide-v3  (918s)
